// Jest Snapshot v1, https://goo.gl/fbAQLP

exports[`Pruebas en <AddCategory></AddCategory> should mostrarse correctamente 1`] = `
<div>
  <h2>
    AddCategory
  </h2>
  <form
    onSubmit={[Function]}
  >
    <input
      onChange={[Function]}
      placeholder="selecciona categoria"
      type="text"
      value=""
    />
  </form>
</div>
`;
